
running 1 test
test session::regression_tests::no_gateway_does_not_require_a_gateway_reply ... FAILED

failures:

---- session::regression_tests::no_gateway_does_not_require_a_gateway_reply stdout ----

thread 'session::regression_tests::no_gateway_does_not_require_a_gateway_reply' (969372) panicked at crates/agentbound-lifecycle/src/session.rs:394:9:
assertion failed: admission_closed("none", None)
note: run with `RUST_BACKTRACE=1` environment variable to display a backtrace


failures:
    session::regression_tests::no_gateway_does_not_require_a_gateway_reply

test result: FAILED. 0 passed; 1 failed; 0 ignored; 0 measured; 11 filtered out; finished in 0.00s

   Compiling agentbound-lifecycle v0.1.0 (/tmp/agentbound-unit-mutations-wi5iu4yc/crates/agentbound-lifecycle)
warning: unnecessary parentheses around block return value
  --> crates/agentbound-lifecycle/src/session.rs:32:5
   |
32 |     (topology == "local-socket" && reply.and_then(|v| v.get("admission")).and_then(|v| v.as_bool()) == Some(false))
   |     ^                                                                                                             ^
   |
   = note: `#[warn(unused_parens)]` (part of `#[warn(unused)]`) on by default
help: remove these parentheses
   |
32 -     (topology == "local-socket" && reply.and_then(|v| v.get("admission")).and_then(|v| v.as_bool()) == Some(false))
32 +     topology == "local-socket" && reply.and_then(|v| v.get("admission")).and_then(|v| v.as_bool()) == Some(false)
   |

warning: `agentbound-lifecycle` (bin "agentbound-lifecycle" test) generated 1 warning (run `cargo fix --bin "agentbound-lifecycle" -p agentbound-lifecycle --tests` to apply 1 suggestion)
    Finished `test` profile [unoptimized + debuginfo] target(s) in 0.18s
     Running unittests src/main.rs (target/debug/deps/agentbound_lifecycle-12b01eafec83ea72)
error: test failed, to rerun pass `-p agentbound-lifecycle --bin agentbound-lifecycle`
